{
  "sampleFixture1": {
    "byteField": 0,
    "shortField": 5,
    "intField": 0,
    "longField": 0,
    "floatField": 0.0,
    "doubleField": -3.12,
    "charField": "d",
    "boolField": false,
    "byteFieldWrapper": 0,
    "shortFieldWrapper": 6,
    "integerFieldWrapper": 7,
    "longFieldWrapper": 0,
    "floatFieldWrapper": 0.0,
    "doubleFieldWrapper": 0.0,
    "characterFieldWrapper": "\u0000",
    "booleanFieldWrapper": false,
    "stringFieldDefault": "",
    "stringFieldInitialized": "xxx",
    "objectFieldDefault": null,
    "dateFieldDefault": "1970-01-01T00:00:00.000+0000",
    "dateFieldInitialized": "1582-10-15T00:00:00.000+0000",
    "primitiveArrayFieldDefault": [ ],
    "primitiveArrayFieldInitialized": [
      true,
      false,
      false
    ],
    "wrapperArrayFieldDefault": [ ],
    "wrapperArrayFieldSpecified": [
      null,
      null,
      null,
      null,
      null
    ],
    "wrapperArrayFieldInitialized": [
      -0.23,
      5.01,
      99999.0,
      35.674
    ],
    "stringArrayFieldDefault": [ ],
    "stringArrayFieldSpecified": [
      null,
      null,
      null,
      null,
      null,
      null
    ],
    "stringArrayFieldInitialized": [
      "sjdhbh",
      "hdbhb"
    ],
    "objectArrayFieldDefault": [ ],
    "objectArrayFieldSpecified": [
      null,
      null,
      null
    ],
    "dateArrayFieldDefault": [ ],
    "dateArrayFieldSpecified": [
      null,
      null,
      null,
      null,
      null,
      null
    ],
    "dateArrayFieldInitialized": [
      "1970-01-01T00:00:00.002+0000"
    ],
    "wrapperCollectionFieldDefault": null,
    "stringCollectionFieldDefault": null,
    "objectCollectionFieldDefault": null,
    "dateCollectionFieldDefault": null,
    "wrapperCollectionFieldInitialized": [ ],
    "stringCollectionFieldInitialized": [ ],
    "dateCollectionFieldInitialized": [ ],
    "arrayListFieldDefault": [ ],
    "arrayListFieldInitialized": [
      "jdh",
      "gvgv",
      "hh"
    ],
    "hashSetFieldDefault": [ ],
    "hashSetFieldInitialized": [ ],
    "wrapperStringMapFieldDefault": null,
    "objectDateMapFieldDefault": null,
    "wrapperStringMapFieldInizialized": { },
    "objectDateMapFieldInitialized": { },
    "sampleEnumDefault": null,
    "enumFieldInitialized": "value2"
  }
}